System.Collections.Generic.List`1[NeuralNetwork.NetworkModels.DataSet]