DataSet[0] =  targets  inputs 0.964285714285715
DataSet[1] =  targets  inputs 0.965517241379311
